app/actions/employees.ts(44,45): error TS2339: Property 'errors' does not exist on type 'ZodError<unknown>'.
app/actions/employees.ts(63,45): error TS2339: Property 'errors' does not exist on type 'ZodError<unknown>'.
app/actions/projects.ts(50,45): error TS2339: Property 'errors' does not exist on type 'ZodError<unknown>'.
app/actions/projects.ts(69,45): error TS2339: Property 'errors' does not exist on type 'ZodError<unknown>'.
app/actions/psychology.ts(11,18): error TS2554: Expected 2-3 arguments, but got 1.
app/actions/tasks.ts(103,32): error TS2339: Property 'errors' does not exist on type 'ZodError<unknown>'.
app/actions/tasks.ts(123,45): error TS2339: Property 'errors' does not exist on type 'ZodError<unknown>'.
app/actions/users.ts(50,45): error TS2339: Property 'errors' does not exist on type 'ZodError<unknown>'.
app/actions/users.ts(69,45): error TS2339: Property 'errors' does not exist on type 'ZodError<unknown>'.
app/dashboard/projects/columns.tsx(69,26): error TS2322: Type 'Project' is not assignable to type 'Partial<{ userId: string; title: string; status: "Active" | "On Hold" | "Completed"; _id?: string | undefined; description?: string | undefined; assignedEmployees?: string[] | undefined; }>'.
  Types of property 'userId' are incompatible.
    Type 'string | User' is not assignable to type 'string | undefined'.
      Type 'User' is not assignable to type 'string'.
app/dashboard/tasks/columns.tsx(145,27): error TS2322: Type 'Task' is not assignable to type 'Partial<{ userId: string; title: string; priority: number; isCompleted: boolean; reversePomodoroActive: boolean; _id?: string | undefined; projectId?: string | undefined; description?: string | undefined; ... 5 more ...; lastDelayedAt?: Date | ... 1 more ... | undefined; }>'.
  Types of property 'userId' are incompatible.
    Type 'string | User' is not assignable to type 'string | undefined'.
      Type 'User' is not assignable to type 'string'.
app/integrations/integration-dialog.tsx(32,67): error TS2345: Argument of type '{ userId: string; platform: "Email" | "ClickUp" | "Todoist"; _id?: string | undefined; credentials?: Record<string, unknown> | undefined; lastSyncedAt?: Date | null | undefined; }' is not assignable to parameter of type 'Record<string, string>'.
  Property 'credentials' is incompatible with index signature.
    Type 'Record<string, unknown>' is not assignable to type 'string'.
app/integrations/integration-dialog.tsx(41,48): error TS2345: Argument of type '{ userId: string; platform: "Email" | "ClickUp" | "Todoist"; _id?: string | undefined; credentials?: Record<string, unknown> | undefined; lastSyncedAt?: Date | null | undefined; }' is not assignable to parameter of type 'Record<string, string>'.
  Property 'credentials' is incompatible with index signature.
    Type 'Record<string, unknown>' is not assignable to type 'string'.
components/forms/employee-form.tsx(27,5): error TS2322: Type 'Resolver<{ name: string; _id?: string | undefined; psychology?: { strengths?: string[] | undefined; personalityType?: string | undefined; motivationFactors?: string[] | undefined; } | undefined; pastCompletionRate?: number | undefined; }, any, { ...; }>' is not assignable to type 'Resolver<{ name: string; pastCompletionRate: number; _id?: string | undefined; psychology?: { strengths?: string[] | undefined; personalityType?: string | undefined; motivationFactors?: string[] | undefined; } | undefined; }, any, { ...; }>'.
  Types of parameters 'options' and 'options' are incompatible.
    Type 'ResolverOptions<{ name: string; pastCompletionRate: number; _id?: string | undefined; psychology?: { strengths?: string[] | undefined; personalityType?: string | undefined; motivationFactors?: string[] | undefined; } | undefined; }>' is not assignable to type 'ResolverOptions<{ name: string; _id?: string | undefined; psychology?: { strengths?: string[] | undefined; personalityType?: string | undefined; motivationFactors?: string[] | undefined; } | undefined; pastCompletionRate?: number | undefined; }>'.
      Type 'number | undefined' is not assignable to type 'number'.
        Type 'undefined' is not assignable to type 'number'.
components/forms/employee-form.tsx(43,41): error TS2345: Argument of type '(data: EmployeeFormData) => Promise<void>' is not assignable to parameter of type 'SubmitHandler<TFieldValues>'.
  Types of parameters 'data' and 'data' are incompatible.
    Type 'TFieldValues' is not assignable to type '{ name: string; pastCompletionRate: number; _id?: string | undefined; psychology?: { strengths?: string[] | undefined; personalityType?: string | undefined; motivationFactors?: string[] | undefined; } | undefined; }'.
      Type 'FieldValues' is missing the following properties from type '{ name: string; pastCompletionRate: number; _id?: string | undefined; psychology?: { strengths?: string[] | undefined; personalityType?: string | undefined; motivationFactors?: string[] | undefined; } | undefined; }': name, pastCompletionRate
components/forms/employee-form.tsx(45,11): error TS2322: Type 'Control<{ name: string; pastCompletionRate: number; _id?: string | undefined; psychology?: { strengths?: string[] | undefined; personalityType?: string | undefined; motivationFactors?: string[] | undefined; } | undefined; }, any, TFieldValues>' is not assignable to type 'Control<{ name: string; pastCompletionRate: number; _id?: string | undefined; psychology?: { strengths?: string[] | undefined; personalityType?: string | undefined; motivationFactors?: string[] | undefined; } | undefined; }, any, { ...; }>'.
  The types of '_options.resolver' are incompatible between these types.
    Type 'Resolver<{ name: string; pastCompletionRate: number; _id?: string | undefined; psychology?: { strengths?: string[] | undefined; personalityType?: string | undefined; motivationFactors?: string[] | undefined; } | undefined; }, any, TFieldValues> | undefined' is not assignable to type 'Resolver<{ name: string; pastCompletionRate: number; _id?: string | undefined; psychology?: { strengths?: string[] | undefined; personalityType?: string | undefined; motivationFactors?: string[] | undefined; } | undefined; }, any, { ...; }> | undefined'.
      Type 'Resolver<{ name: string; pastCompletionRate: number; _id?: string | undefined; psychology?: { strengths?: string[] | undefined; personalityType?: string | undefined; motivationFactors?: string[] | undefined; } | undefined; }, any, TFieldValues>' is not assignable to type 'Resolver<{ name: string; pastCompletionRate: number; _id?: string | undefined; psychology?: { strengths?: string[] | undefined; personalityType?: string | undefined; motivationFactors?: string[] | undefined; } | undefined; }, any, { ...; }>'.
        Type 'ResolverResult<{ name: string; pastCompletionRate: number; _id?: string | undefined; psychology?: { strengths?: string[] | undefined; personalityType?: string | undefined; motivationFactors?: string[] | undefined; } | undefined; }, TFieldValues> | Promise<...>' is not assignable to type 'ResolverResult<{ name: string; pastCompletionRate: number; _id?: string | undefined; psychology?: { strengths?: string[] | undefined; personalityType?: string | undefined; motivationFactors?: string[] | undefined; } | undefined; }, { ...; }> | Promise<...>'.
          Type 'ResolverSuccess<TFieldValues>' is not assignable to type 'ResolverResult<{ name: string; pastCompletionRate: number; _id?: string | undefined; psychology?: { strengths?: string[] | undefined; personalityType?: string | undefined; motivationFactors?: string[] | undefined; } | undefined; }, { ...; }> | Promise<...>'.
            Type 'ResolverSuccess<TFieldValues>' is not assignable to type 'ResolverSuccess<{ name: string; pastCompletionRate: number; _id?: string | undefined; psychology?: { strengths?: string[] | undefined; personalityType?: string | undefined; motivationFactors?: string[] | undefined; } | undefined; }>'.
              Type 'TFieldValues' is not assignable to type '{ name: string; pastCompletionRate: number; _id?: string | undefined; psychology?: { strengths?: string[] | undefined; personalityType?: string | undefined; motivationFactors?: string[] | undefined; } | undefined; }'.
                Type 'FieldValues' is missing the following properties from type '{ name: string; pastCompletionRate: number; _id?: string | undefined; psychology?: { strengths?: string[] | undefined; personalityType?: string | undefined; motivationFactors?: string[] | undefined; } | undefined; }': name, pastCompletionRate
components/forms/employee-form.tsx(59,11): error TS2322: Type 'Control<{ name: string; pastCompletionRate: number; _id?: string | undefined; psychology?: { strengths?: string[] | undefined; personalityType?: string | undefined; motivationFactors?: string[] | undefined; } | undefined; }, any, TFieldValues>' is not assignable to type 'Control<{ name: string; pastCompletionRate: number; _id?: string | undefined; psychology?: { strengths?: string[] | undefined; personalityType?: string | undefined; motivationFactors?: string[] | undefined; } | undefined; }, any, { ...; }>'.
  The types of '_options.resolver' are incompatible between these types.
    Type 'Resolver<{ name: string; pastCompletionRate: number; _id?: string | undefined; psychology?: { strengths?: string[] | undefined; personalityType?: string | undefined; motivationFactors?: string[] | undefined; } | undefined; }, any, TFieldValues> | undefined' is not assignable to type 'Resolver<{ name: string; pastCompletionRate: number; _id?: string | undefined; psychology?: { strengths?: string[] | undefined; personalityType?: string | undefined; motivationFactors?: string[] | undefined; } | undefined; }, any, { ...; }> | undefined'.
      Type 'Resolver<{ name: string; pastCompletionRate: number; _id?: string | undefined; psychology?: { strengths?: string[] | undefined; personalityType?: string | undefined; motivationFactors?: string[] | undefined; } | undefined; }, any, TFieldValues>' is not assignable to type 'Resolver<{ name: string; pastCompletionRate: number; _id?: string | undefined; psychology?: { strengths?: string[] | undefined; personalityType?: string | undefined; motivationFactors?: string[] | undefined; } | undefined; }, any, { ...; }>'.
        Type 'ResolverResult<{ name: string; pastCompletionRate: number; _id?: string | undefined; psychology?: { strengths?: string[] | undefined; personalityType?: string | undefined; motivationFactors?: string[] | undefined; } | undefined; }, TFieldValues> | Promise<...>' is not assignable to type 'ResolverResult<{ name: string; pastCompletionRate: number; _id?: string | undefined; psychology?: { strengths?: string[] | undefined; personalityType?: string | undefined; motivationFactors?: string[] | undefined; } | undefined; }, { ...; }> | Promise<...>'.
          Type 'ResolverSuccess<TFieldValues>' is not assignable to type 'ResolverResult<{ name: string; pastCompletionRate: number; _id?: string | undefined; psychology?: { strengths?: string[] | undefined; personalityType?: string | undefined; motivationFactors?: string[] | undefined; } | undefined; }, { ...; }> | Promise<...>'.
            Type 'ResolverSuccess<TFieldValues>' is not assignable to type 'ResolverSuccess<{ name: string; pastCompletionRate: number; _id?: string | undefined; psychology?: { strengths?: string[] | undefined; personalityType?: string | undefined; motivationFactors?: string[] | undefined; } | undefined; }>'.
              Type 'TFieldValues' is not assignable to type '{ name: string; pastCompletionRate: number; _id?: string | undefined; psychology?: { strengths?: string[] | undefined; personalityType?: string | undefined; motivationFactors?: string[] | undefined; } | undefined; }'.
                Type 'FieldValues' is missing the following properties from type '{ name: string; pastCompletionRate: number; _id?: string | undefined; psychology?: { strengths?: string[] | undefined; personalityType?: string | undefined; motivationFactors?: string[] | undefined; } | undefined; }': name, pastCompletionRate
components/forms/project-form.tsx(36,5): error TS2322: Type 'Resolver<{ userId: string; title: string; _id?: string | undefined; description?: string | undefined; status?: "Active" | "On Hold" | "Completed" | undefined; assignedEmployees?: string[] | undefined; }, any, { ...; }>' is not assignable to type 'Resolver<{ userId: string; title: string; status: "Active" | "On Hold" | "Completed"; _id?: string | undefined; description?: string | undefined; assignedEmployees?: string[] | undefined; }, any, { ...; }>'.
  Types of parameters 'options' and 'options' are incompatible.
    Type 'ResolverOptions<{ userId: string; title: string; status: "Active" | "On Hold" | "Completed"; _id?: string | undefined; description?: string | undefined; assignedEmployees?: string[] | undefined; }>' is not assignable to type 'ResolverOptions<{ userId: string; title: string; _id?: string | undefined; description?: string | undefined; status?: "Active" | "On Hold" | "Completed" | undefined; assignedEmployees?: string[] | undefined; }>'.
      Type '"Active" | "On Hold" | "Completed" | undefined' is not assignable to type '"Active" | "On Hold" | "Completed"'.
        Type 'undefined' is not assignable to type '"Active" | "On Hold" | "Completed"'.
components/forms/project-form.tsx(53,41): error TS2345: Argument of type '(data: ProjectFormData) => Promise<void>' is not assignable to parameter of type 'SubmitHandler<TFieldValues>'.
  Types of parameters 'data' and 'data' are incompatible.
    Type 'TFieldValues' is not assignable to type '{ userId: string; title: string; status: "Active" | "On Hold" | "Completed"; _id?: string | undefined; description?: string | undefined; assignedEmployees?: string[] | undefined; }'.
      Type 'FieldValues' is missing the following properties from type '{ userId: string; title: string; status: "Active" | "On Hold" | "Completed"; _id?: string | undefined; description?: string | undefined; assignedEmployees?: string[] | undefined; }': userId, title, status
components/forms/project-form.tsx(55,11): error TS2322: Type 'Control<{ userId: string; title: string; status: "Active" | "On Hold" | "Completed"; _id?: string | undefined; description?: string | undefined; assignedEmployees?: string[] | undefined; }, any, TFieldValues>' is not assignable to type 'Control<{ userId: string; title: string; status: "Active" | "On Hold" | "Completed"; _id?: string | undefined; description?: string | undefined; assignedEmployees?: string[] | undefined; }, any, { ...; }>'.
  The types of '_options.resolver' are incompatible between these types.
    Type 'Resolver<{ userId: string; title: string; status: "Active" | "On Hold" | "Completed"; _id?: string | undefined; description?: string | undefined; assignedEmployees?: string[] | undefined; }, any, TFieldValues> | undefined' is not assignable to type 'Resolver<{ userId: string; title: string; status: "Active" | "On Hold" | "Completed"; _id?: string | undefined; description?: string | undefined; assignedEmployees?: string[] | undefined; }, any, { ...; }> | undefined'.
      Type 'Resolver<{ userId: string; title: string; status: "Active" | "On Hold" | "Completed"; _id?: string | undefined; description?: string | undefined; assignedEmployees?: string[] | undefined; }, any, TFieldValues>' is not assignable to type 'Resolver<{ userId: string; title: string; status: "Active" | "On Hold" | "Completed"; _id?: string | undefined; description?: string | undefined; assignedEmployees?: string[] | undefined; }, any, { ...; }>'.
        Type 'ResolverResult<{ userId: string; title: string; status: "Active" | "On Hold" | "Completed"; _id?: string | undefined; description?: string | undefined; assignedEmployees?: string[] | undefined; }, TFieldValues> | Promise<...>' is not assignable to type 'ResolverResult<{ userId: string; title: string; status: "Active" | "On Hold" | "Completed"; _id?: string | undefined; description?: string | undefined; assignedEmployees?: string[] | undefined; }, { ...; }> | Promise<...>'.
          Type 'ResolverSuccess<TFieldValues>' is not assignable to type 'ResolverResult<{ userId: string; title: string; status: "Active" | "On Hold" | "Completed"; _id?: string | undefined; description?: string | undefined; assignedEmployees?: string[] | undefined; }, { ...; }> | Promise<...>'.
            Type 'ResolverSuccess<TFieldValues>' is not assignable to type 'ResolverSuccess<{ userId: string; title: string; status: "Active" | "On Hold" | "Completed"; _id?: string | undefined; description?: string | undefined; assignedEmployees?: string[] | undefined; }>'.
              Type 'TFieldValues' is not assignable to type '{ userId: string; title: string; status: "Active" | "On Hold" | "Completed"; _id?: string | undefined; description?: string | undefined; assignedEmployees?: string[] | undefined; }'.
                Type 'FieldValues' is missing the following properties from type '{ userId: string; title: string; status: "Active" | "On Hold" | "Completed"; _id?: string | undefined; description?: string | undefined; assignedEmployees?: string[] | undefined; }': userId, title, status
components/forms/project-form.tsx(80,11): error TS2322: Type 'Control<{ userId: string; title: string; status: "Active" | "On Hold" | "Completed"; _id?: string | undefined; description?: string | undefined; assignedEmployees?: string[] | undefined; }, any, TFieldValues>' is not assignable to type 'Control<{ userId: string; title: string; status: "Active" | "On Hold" | "Completed"; _id?: string | undefined; description?: string | undefined; assignedEmployees?: string[] | undefined; }, any, { ...; }>'.
  The types of '_options.resolver' are incompatible between these types.
    Type 'Resolver<{ userId: string; title: string; status: "Active" | "On Hold" | "Completed"; _id?: string | undefined; description?: string | undefined; assignedEmployees?: string[] | undefined; }, any, TFieldValues> | undefined' is not assignable to type 'Resolver<{ userId: string; title: string; status: "Active" | "On Hold" | "Completed"; _id?: string | undefined; description?: string | undefined; assignedEmployees?: string[] | undefined; }, any, { ...; }> | undefined'.
      Type 'Resolver<{ userId: string; title: string; status: "Active" | "On Hold" | "Completed"; _id?: string | undefined; description?: string | undefined; assignedEmployees?: string[] | undefined; }, any, TFieldValues>' is not assignable to type 'Resolver<{ userId: string; title: string; status: "Active" | "On Hold" | "Completed"; _id?: string | undefined; description?: string | undefined; assignedEmployees?: string[] | undefined; }, any, { ...; }>'.
        Type 'ResolverResult<{ userId: string; title: string; status: "Active" | "On Hold" | "Completed"; _id?: string | undefined; description?: string | undefined; assignedEmployees?: string[] | undefined; }, TFieldValues> | Promise<...>' is not assignable to type 'ResolverResult<{ userId: string; title: string; status: "Active" | "On Hold" | "Completed"; _id?: string | undefined; description?: string | undefined; assignedEmployees?: string[] | undefined; }, { ...; }> | Promise<...>'.
          Type 'ResolverSuccess<TFieldValues>' is not assignable to type 'ResolverResult<{ userId: string; title: string; status: "Active" | "On Hold" | "Completed"; _id?: string | undefined; description?: string | undefined; assignedEmployees?: string[] | undefined; }, { ...; }> | Promise<...>'.
            Type 'ResolverSuccess<TFieldValues>' is not assignable to type 'ResolverSuccess<{ userId: string; title: string; status: "Active" | "On Hold" | "Completed"; _id?: string | undefined; description?: string | undefined; assignedEmployees?: string[] | undefined; }>'.
              Type 'TFieldValues' is not assignable to type '{ userId: string; title: string; status: "Active" | "On Hold" | "Completed"; _id?: string | undefined; description?: string | undefined; assignedEmployees?: string[] | undefined; }'.
                Type 'FieldValues' is missing the following properties from type '{ userId: string; title: string; status: "Active" | "On Hold" | "Completed"; _id?: string | undefined; description?: string | undefined; assignedEmployees?: string[] | undefined; }': userId, title, status
components/forms/project-form.tsx(94,11): error TS2322: Type 'Control<{ userId: string; title: string; status: "Active" | "On Hold" | "Completed"; _id?: string | undefined; description?: string | undefined; assignedEmployees?: string[] | undefined; }, any, TFieldValues>' is not assignable to type 'Control<{ userId: string; title: string; status: "Active" | "On Hold" | "Completed"; _id?: string | undefined; description?: string | undefined; assignedEmployees?: string[] | undefined; }, any, { ...; }>'.
  The types of '_options.resolver' are incompatible between these types.
    Type 'Resolver<{ userId: string; title: string; status: "Active" | "On Hold" | "Completed"; _id?: string | undefined; description?: string | undefined; assignedEmployees?: string[] | undefined; }, any, TFieldValues> | undefined' is not assignable to type 'Resolver<{ userId: string; title: string; status: "Active" | "On Hold" | "Completed"; _id?: string | undefined; description?: string | undefined; assignedEmployees?: string[] | undefined; }, any, { ...; }> | undefined'.
      Type 'Resolver<{ userId: string; title: string; status: "Active" | "On Hold" | "Completed"; _id?: string | undefined; description?: string | undefined; assignedEmployees?: string[] | undefined; }, any, TFieldValues>' is not assignable to type 'Resolver<{ userId: string; title: string; status: "Active" | "On Hold" | "Completed"; _id?: string | undefined; description?: string | undefined; assignedEmployees?: string[] | undefined; }, any, { ...; }>'.
        Type 'ResolverResult<{ userId: string; title: string; status: "Active" | "On Hold" | "Completed"; _id?: string | undefined; description?: string | undefined; assignedEmployees?: string[] | undefined; }, TFieldValues> | Promise<...>' is not assignable to type 'ResolverResult<{ userId: string; title: string; status: "Active" | "On Hold" | "Completed"; _id?: string | undefined; description?: string | undefined; assignedEmployees?: string[] | undefined; }, { ...; }> | Promise<...>'.
          Type 'ResolverSuccess<TFieldValues>' is not assignable to type 'ResolverResult<{ userId: string; title: string; status: "Active" | "On Hold" | "Completed"; _id?: string | undefined; description?: string | undefined; assignedEmployees?: string[] | undefined; }, { ...; }> | Promise<...>'.
            Type 'ResolverSuccess<TFieldValues>' is not assignable to type 'ResolverSuccess<{ userId: string; title: string; status: "Active" | "On Hold" | "Completed"; _id?: string | undefined; description?: string | undefined; assignedEmployees?: string[] | undefined; }>'.
              Type 'TFieldValues' is not assignable to type '{ userId: string; title: string; status: "Active" | "On Hold" | "Completed"; _id?: string | undefined; description?: string | undefined; assignedEmployees?: string[] | undefined; }'.
                Type 'FieldValues' is missing the following properties from type '{ userId: string; title: string; status: "Active" | "On Hold" | "Completed"; _id?: string | undefined; description?: string | undefined; assignedEmployees?: string[] | undefined; }': userId, title, status
components/forms/project-form.tsx(112,11): error TS2322: Type 'Control<{ userId: string; title: string; status: "Active" | "On Hold" | "Completed"; _id?: string | undefined; description?: string | undefined; assignedEmployees?: string[] | undefined; }, any, TFieldValues>' is not assignable to type 'Control<{ userId: string; title: string; status: "Active" | "On Hold" | "Completed"; _id?: string | undefined; description?: string | undefined; assignedEmployees?: string[] | undefined; }, any, { ...; }>'.
  The types of '_options.resolver' are incompatible between these types.
    Type 'Resolver<{ userId: string; title: string; status: "Active" | "On Hold" | "Completed"; _id?: string | undefined; description?: string | undefined; assignedEmployees?: string[] | undefined; }, any, TFieldValues> | undefined' is not assignable to type 'Resolver<{ userId: string; title: string; status: "Active" | "On Hold" | "Completed"; _id?: string | undefined; description?: string | undefined; assignedEmployees?: string[] | undefined; }, any, { ...; }> | undefined'.
      Type 'Resolver<{ userId: string; title: string; status: "Active" | "On Hold" | "Completed"; _id?: string | undefined; description?: string | undefined; assignedEmployees?: string[] | undefined; }, any, TFieldValues>' is not assignable to type 'Resolver<{ userId: string; title: string; status: "Active" | "On Hold" | "Completed"; _id?: string | undefined; description?: string | undefined; assignedEmployees?: string[] | undefined; }, any, { ...; }>'.
        Type 'ResolverResult<{ userId: string; title: string; status: "Active" | "On Hold" | "Completed"; _id?: string | undefined; description?: string | undefined; assignedEmployees?: string[] | undefined; }, TFieldValues> | Promise<...>' is not assignable to type 'ResolverResult<{ userId: string; title: string; status: "Active" | "On Hold" | "Completed"; _id?: string | undefined; description?: string | undefined; assignedEmployees?: string[] | undefined; }, { ...; }> | Promise<...>'.
          Type 'ResolverSuccess<TFieldValues>' is not assignable to type 'ResolverResult<{ userId: string; title: string; status: "Active" | "On Hold" | "Completed"; _id?: string | undefined; description?: string | undefined; assignedEmployees?: string[] | undefined; }, { ...; }> | Promise<...>'.
            Type 'ResolverSuccess<TFieldValues>' is not assignable to type 'ResolverSuccess<{ userId: string; title: string; status: "Active" | "On Hold" | "Completed"; _id?: string | undefined; description?: string | undefined; assignedEmployees?: string[] | undefined; }>'.
              Type 'TFieldValues' is not assignable to type '{ userId: string; title: string; status: "Active" | "On Hold" | "Completed"; _id?: string | undefined; description?: string | undefined; assignedEmployees?: string[] | undefined; }'.
                Type 'FieldValues' is missing the following properties from type '{ userId: string; title: string; status: "Active" | "On Hold" | "Completed"; _id?: string | undefined; description?: string | undefined; assignedEmployees?: string[] | undefined; }': userId, title, status
components/forms/task-form.tsx(38,5): error TS2322: Type 'Resolver<{ userId: string; title: string; _id?: string | undefined; projectId?: string | undefined; description?: string | undefined; why?: string | undefined; priority?: number | undefined; ... 6 more ...; reversePomodoroActive?: boolean | undefined; }, any, { ...; }>' is not assignable to type 'Resolver<{ userId: string; title: string; priority: number; isCompleted: boolean; reversePomodoroActive: boolean; _id?: string | undefined; projectId?: string | undefined; description?: string | undefined; ... 5 more ...; lastDelayedAt?: Date | ... 1 more ... | undefined; }, any, { ...; }>'.
  Types of parameters 'options' and 'options' are incompatible.
    Type 'ResolverOptions<{ userId: string; title: string; priority: number; isCompleted: boolean; reversePomodoroActive: boolean; _id?: string | undefined; projectId?: string | undefined; description?: string | undefined; ... 5 more ...; lastDelayedAt?: Date | ... 1 more ... | undefined; }>' is not assignable to type 'ResolverOptions<{ userId: string; title: string; _id?: string | undefined; projectId?: string | undefined; description?: string | undefined; why?: string | undefined; priority?: number | undefined; ... 6 more ...; reversePomodoroActive?: boolean | undefined; }>'.
      Type 'number | undefined' is not assignable to type 'number'.
        Type 'undefined' is not assignable to type 'number'.
components/forms/task-form.tsx(57,41): error TS2345: Argument of type '(data: TaskFormData) => Promise<void>' is not assignable to parameter of type 'SubmitHandler<TFieldValues>'.
  Types of parameters 'data' and 'data' are incompatible.
    Type 'TFieldValues' is not assignable to type '{ userId: string; title: string; priority: number; isCompleted: boolean; reversePomodoroActive: boolean; _id?: string | undefined; projectId?: string | undefined; description?: string | undefined; ... 5 more ...; lastDelayedAt?: Date | ... 1 more ... | undefined; }'.
      Type 'FieldValues' is missing the following properties from type '{ userId: string; title: string; priority: number; isCompleted: boolean; reversePomodoroActive: boolean; _id?: string | undefined; projectId?: string | undefined; description?: string | undefined; ... 5 more ...; lastDelayedAt?: Date | ... 1 more ... | undefined; }': userId, title, priority, isCompleted, reversePomodoroActive
components/forms/task-form.tsx(59,11): error TS2322: Type 'Control<{ userId: string; title: string; priority: number; isCompleted: boolean; reversePomodoroActive: boolean; _id?: string | undefined; projectId?: string | undefined; description?: string | undefined; ... 5 more ...; lastDelayedAt?: Date | ... 1 more ... | undefined; }, any, TFieldValues>' is not assignable to type 'Control<{ userId: string; title: string; priority: number; isCompleted: boolean; reversePomodoroActive: boolean; _id?: string | undefined; projectId?: string | undefined; description?: string | undefined; ... 5 more ...; lastDelayedAt?: Date | ... 1 more ... | undefined; }, any, { ...; }>'.
  The types of '_options.resolver' are incompatible between these types.
    Type 'Resolver<{ userId: string; title: string; priority: number; isCompleted: boolean; reversePomodoroActive: boolean; _id?: string | undefined; projectId?: string | undefined; description?: string | undefined; ... 5 more ...; lastDelayedAt?: Date | ... 1 more ... | undefined; }, any, TFieldValues> | undefined' is not assignable to type 'Resolver<{ userId: string; title: string; priority: number; isCompleted: boolean; reversePomodoroActive: boolean; _id?: string | undefined; projectId?: string | undefined; description?: string | undefined; ... 5 more ...; lastDelayedAt?: Date | ... 1 more ... | undefined; }, any, { ...; }> | undefined'.
      Type 'Resolver<{ userId: string; title: string; priority: number; isCompleted: boolean; reversePomodoroActive: boolean; _id?: string | undefined; projectId?: string | undefined; description?: string | undefined; ... 5 more ...; lastDelayedAt?: Date | ... 1 more ... | undefined; }, any, TFieldValues>' is not assignable to type 'Resolver<{ userId: string; title: string; priority: number; isCompleted: boolean; reversePomodoroActive: boolean; _id?: string | undefined; projectId?: string | undefined; description?: string | undefined; ... 5 more ...; lastDelayedAt?: Date | ... 1 more ... | undefined; }, any, { ...; }>'.
        Type 'ResolverResult<{ userId: string; title: string; priority: number; isCompleted: boolean; reversePomodoroActive: boolean; _id?: string | undefined; projectId?: string | undefined; description?: string | undefined; ... 5 more ...; lastDelayedAt?: Date | ... 1 more ... | undefined; }, TFieldValues> | Promise<...>' is not assignable to type 'ResolverResult<{ userId: string; title: string; priority: number; isCompleted: boolean; reversePomodoroActive: boolean; _id?: string | undefined; projectId?: string | undefined; description?: string | undefined; ... 5 more ...; lastDelayedAt?: Date | ... 1 more ... | undefined; }, { ...; }> | Promise<...>'.
          Type 'ResolverSuccess<TFieldValues>' is not assignable to type 'ResolverResult<{ userId: string; title: string; priority: number; isCompleted: boolean; reversePomodoroActive: boolean; _id?: string | undefined; projectId?: string | undefined; description?: string | undefined; ... 5 more ...; lastDelayedAt?: Date | ... 1 more ... | undefined; }, { ...; }> | Promise<...>'.
            Type 'ResolverSuccess<TFieldValues>' is not assignable to type 'ResolverSuccess<{ userId: string; title: string; priority: number; isCompleted: boolean; reversePomodoroActive: boolean; _id?: string | undefined; projectId?: string | undefined; description?: string | undefined; ... 5 more ...; lastDelayedAt?: Date | ... 1 more ... | undefined; }>'.
              Type 'TFieldValues' is not assignable to type '{ userId: string; title: string; priority: number; isCompleted: boolean; reversePomodoroActive: boolean; _id?: string | undefined; projectId?: string | undefined; description?: string | undefined; ... 5 more ...; lastDelayedAt?: Date | ... 1 more ... | undefined; }'.
                Type 'FieldValues' is missing the following properties from type '{ userId: string; title: string; priority: number; isCompleted: boolean; reversePomodoroActive: boolean; _id?: string | undefined; projectId?: string | undefined; description?: string | undefined; ... 5 more ...; lastDelayedAt?: Date | ... 1 more ... | undefined; }': userId, title, priority, isCompleted, reversePomodoroActive
components/forms/task-form.tsx(84,11): error TS2322: Type 'Control<{ userId: string; title: string; priority: number; isCompleted: boolean; reversePomodoroActive: boolean; _id?: string | undefined; projectId?: string | undefined; description?: string | undefined; ... 5 more ...; lastDelayedAt?: Date | ... 1 more ... | undefined; }, any, TFieldValues>' is not assignable to type 'Control<{ userId: string; title: string; priority: number; isCompleted: boolean; reversePomodoroActive: boolean; _id?: string | undefined; projectId?: string | undefined; description?: string | undefined; ... 5 more ...; lastDelayedAt?: Date | ... 1 more ... | undefined; }, any, { ...; }>'.
  The types of '_options.resolver' are incompatible between these types.
    Type 'Resolver<{ userId: string; title: string; priority: number; isCompleted: boolean; reversePomodoroActive: boolean; _id?: string | undefined; projectId?: string | undefined; description?: string | undefined; ... 5 more ...; lastDelayedAt?: Date | ... 1 more ... | undefined; }, any, TFieldValues> | undefined' is not assignable to type 'Resolver<{ userId: string; title: string; priority: number; isCompleted: boolean; reversePomodoroActive: boolean; _id?: string | undefined; projectId?: string | undefined; description?: string | undefined; ... 5 more ...; lastDelayedAt?: Date | ... 1 more ... | undefined; }, any, { ...; }> | undefined'.
      Type 'Resolver<{ userId: string; title: string; priority: number; isCompleted: boolean; reversePomodoroActive: boolean; _id?: string | undefined; projectId?: string | undefined; description?: string | undefined; ... 5 more ...; lastDelayedAt?: Date | ... 1 more ... | undefined; }, any, TFieldValues>' is not assignable to type 'Resolver<{ userId: string; title: string; priority: number; isCompleted: boolean; reversePomodoroActive: boolean; _id?: string | undefined; projectId?: string | undefined; description?: string | undefined; ... 5 more ...; lastDelayedAt?: Date | ... 1 more ... | undefined; }, any, { ...; }>'.
        Type 'ResolverResult<{ userId: string; title: string; priority: number; isCompleted: boolean; reversePomodoroActive: boolean; _id?: string | undefined; projectId?: string | undefined; description?: string | undefined; ... 5 more ...; lastDelayedAt?: Date | ... 1 more ... | undefined; }, TFieldValues> | Promise<...>' is not assignable to type 'ResolverResult<{ userId: string; title: string; priority: number; isCompleted: boolean; reversePomodoroActive: boolean; _id?: string | undefined; projectId?: string | undefined; description?: string | undefined; ... 5 more ...; lastDelayedAt?: Date | ... 1 more ... | undefined; }, { ...; }> | Promise<...>'.
          Type 'ResolverSuccess<TFieldValues>' is not assignable to type 'ResolverResult<{ userId: string; title: string; priority: number; isCompleted: boolean; reversePomodoroActive: boolean; _id?: string | undefined; projectId?: string | undefined; description?: string | undefined; ... 5 more ...; lastDelayedAt?: Date | ... 1 more ... | undefined; }, { ...; }> | Promise<...>'.
            Type 'ResolverSuccess<TFieldValues>' is not assignable to type 'ResolverSuccess<{ userId: string; title: string; priority: number; isCompleted: boolean; reversePomodoroActive: boolean; _id?: string | undefined; projectId?: string | undefined; description?: string | undefined; ... 5 more ...; lastDelayedAt?: Date | ... 1 more ... | undefined; }>'.
              Type 'TFieldValues' is not assignable to type '{ userId: string; title: string; priority: number; isCompleted: boolean; reversePomodoroActive: boolean; _id?: string | undefined; projectId?: string | undefined; description?: string | undefined; ... 5 more ...; lastDelayedAt?: Date | ... 1 more ... | undefined; }'.
                Type 'FieldValues' is missing the following properties from type '{ userId: string; title: string; priority: number; isCompleted: boolean; reversePomodoroActive: boolean; _id?: string | undefined; projectId?: string | undefined; description?: string | undefined; ... 5 more ...; lastDelayedAt?: Date | ... 1 more ... | undefined; }': userId, title, priority, isCompleted, reversePomodoroActive
components/forms/task-form.tsx(113,11): error TS2322: Type 'Control<{ userId: string; title: string; priority: number; isCompleted: boolean; reversePomodoroActive: boolean; _id?: string | undefined; projectId?: string | undefined; description?: string | undefined; ... 5 more ...; lastDelayedAt?: Date | ... 1 more ... | undefined; }, any, TFieldValues>' is not assignable to type 'Control<{ userId: string; title: string; priority: number; isCompleted: boolean; reversePomodoroActive: boolean; _id?: string | undefined; projectId?: string | undefined; description?: string | undefined; ... 5 more ...; lastDelayedAt?: Date | ... 1 more ... | undefined; }, any, { ...; }>'.
  The types of '_options.resolver' are incompatible between these types.
    Type 'Resolver<{ userId: string; title: string; priority: number; isCompleted: boolean; reversePomodoroActive: boolean; _id?: string | undefined; projectId?: string | undefined; description?: string | undefined; ... 5 more ...; lastDelayedAt?: Date | ... 1 more ... | undefined; }, any, TFieldValues> | undefined' is not assignable to type 'Resolver<{ userId: string; title: string; priority: number; isCompleted: boolean; reversePomodoroActive: boolean; _id?: string | undefined; projectId?: string | undefined; description?: string | undefined; ... 5 more ...; lastDelayedAt?: Date | ... 1 more ... | undefined; }, any, { ...; }> | undefined'.
      Type 'Resolver<{ userId: string; title: string; priority: number; isCompleted: boolean; reversePomodoroActive: boolean; _id?: string | undefined; projectId?: string | undefined; description?: string | undefined; ... 5 more ...; lastDelayedAt?: Date | ... 1 more ... | undefined; }, any, TFieldValues>' is not assignable to type 'Resolver<{ userId: string; title: string; priority: number; isCompleted: boolean; reversePomodoroActive: boolean; _id?: string | undefined; projectId?: string | undefined; description?: string | undefined; ... 5 more ...; lastDelayedAt?: Date | ... 1 more ... | undefined; }, any, { ...; }>'.
        Type 'ResolverResult<{ userId: string; title: string; priority: number; isCompleted: boolean; reversePomodoroActive: boolean; _id?: string | undefined; projectId?: string | undefined; description?: string | undefined; ... 5 more ...; lastDelayedAt?: Date | ... 1 more ... | undefined; }, TFieldValues> | Promise<...>' is not assignable to type 'ResolverResult<{ userId: string; title: string; priority: number; isCompleted: boolean; reversePomodoroActive: boolean; _id?: string | undefined; projectId?: string | undefined; description?: string | undefined; ... 5 more ...; lastDelayedAt?: Date | ... 1 more ... | undefined; }, { ...; }> | Promise<...>'.
          Type 'ResolverSuccess<TFieldValues>' is not assignable to type 'ResolverResult<{ userId: string; title: string; priority: number; isCompleted: boolean; reversePomodoroActive: boolean; _id?: string | undefined; projectId?: string | undefined; description?: string | undefined; ... 5 more ...; lastDelayedAt?: Date | ... 1 more ... | undefined; }, { ...; }> | Promise<...>'.
            Type 'ResolverSuccess<TFieldValues>' is not assignable to type 'ResolverSuccess<{ userId: string; title: string; priority: number; isCompleted: boolean; reversePomodoroActive: boolean; _id?: string | undefined; projectId?: string | undefined; description?: string | undefined; ... 5 more ...; lastDelayedAt?: Date | ... 1 more ... | undefined; }>'.
              Type 'TFieldValues' is not assignable to type '{ userId: string; title: string; priority: number; isCompleted: boolean; reversePomodoroActive: boolean; _id?: string | undefined; projectId?: string | undefined; description?: string | undefined; ... 5 more ...; lastDelayedAt?: Date | ... 1 more ... | undefined; }'.
                Type 'FieldValues' is missing the following properties from type '{ userId: string; title: string; priority: number; isCompleted: boolean; reversePomodoroActive: boolean; _id?: string | undefined; projectId?: string | undefined; description?: string | undefined; ... 5 more ...; lastDelayedAt?: Date | ... 1 more ... | undefined; }': userId, title, priority, isCompleted, reversePomodoroActive
components/forms/task-form.tsx(127,11): error TS2322: Type 'Control<{ userId: string; title: string; priority: number; isCompleted: boolean; reversePomodoroActive: boolean; _id?: string | undefined; projectId?: string | undefined; description?: string | undefined; ... 5 more ...; lastDelayedAt?: Date | ... 1 more ... | undefined; }, any, TFieldValues>' is not assignable to type 'Control<{ userId: string; title: string; priority: number; isCompleted: boolean; reversePomodoroActive: boolean; _id?: string | undefined; projectId?: string | undefined; description?: string | undefined; ... 5 more ...; lastDelayedAt?: Date | ... 1 more ... | undefined; }, any, { ...; }>'.
  The types of '_options.resolver' are incompatible between these types.
    Type 'Resolver<{ userId: string; title: string; priority: number; isCompleted: boolean; reversePomodoroActive: boolean; _id?: string | undefined; projectId?: string | undefined; description?: string | undefined; ... 5 more ...; lastDelayedAt?: Date | ... 1 more ... | undefined; }, any, TFieldValues> | undefined' is not assignable to type 'Resolver<{ userId: string; title: string; priority: number; isCompleted: boolean; reversePomodoroActive: boolean; _id?: string | undefined; projectId?: string | undefined; description?: string | undefined; ... 5 more ...; lastDelayedAt?: Date | ... 1 more ... | undefined; }, any, { ...; }> | undefined'.
      Type 'Resolver<{ userId: string; title: string; priority: number; isCompleted: boolean; reversePomodoroActive: boolean; _id?: string | undefined; projectId?: string | undefined; description?: string | undefined; ... 5 more ...; lastDelayedAt?: Date | ... 1 more ... | undefined; }, any, TFieldValues>' is not assignable to type 'Resolver<{ userId: string; title: string; priority: number; isCompleted: boolean; reversePomodoroActive: boolean; _id?: string | undefined; projectId?: string | undefined; description?: string | undefined; ... 5 more ...; lastDelayedAt?: Date | ... 1 more ... | undefined; }, any, { ...; }>'.
        Type 'ResolverResult<{ userId: string; title: string; priority: number; isCompleted: boolean; reversePomodoroActive: boolean; _id?: string | undefined; projectId?: string | undefined; description?: string | undefined; ... 5 more ...; lastDelayedAt?: Date | ... 1 more ... | undefined; }, TFieldValues> | Promise<...>' is not assignable to type 'ResolverResult<{ userId: string; title: string; priority: number; isCompleted: boolean; reversePomodoroActive: boolean; _id?: string | undefined; projectId?: string | undefined; description?: string | undefined; ... 5 more ...; lastDelayedAt?: Date | ... 1 more ... | undefined; }, { ...; }> | Promise<...>'.
          Type 'ResolverSuccess<TFieldValues>' is not assignable to type 'ResolverResult<{ userId: string; title: string; priority: number; isCompleted: boolean; reversePomodoroActive: boolean; _id?: string | undefined; projectId?: string | undefined; description?: string | undefined; ... 5 more ...; lastDelayedAt?: Date | ... 1 more ... | undefined; }, { ...; }> | Promise<...>'.
            Type 'ResolverSuccess<TFieldValues>' is not assignable to type 'ResolverSuccess<{ userId: string; title: string; priority: number; isCompleted: boolean; reversePomodoroActive: boolean; _id?: string | undefined; projectId?: string | undefined; description?: string | undefined; ... 5 more ...; lastDelayedAt?: Date | ... 1 more ... | undefined; }>'.
              Type 'TFieldValues' is not assignable to type '{ userId: string; title: string; priority: number; isCompleted: boolean; reversePomodoroActive: boolean; _id?: string | undefined; projectId?: string | undefined; description?: string | undefined; ... 5 more ...; lastDelayedAt?: Date | ... 1 more ... | undefined; }'.
                Type 'FieldValues' is missing the following properties from type '{ userId: string; title: string; priority: number; isCompleted: boolean; reversePomodoroActive: boolean; _id?: string | undefined; projectId?: string | undefined; description?: string | undefined; ... 5 more ...; lastDelayedAt?: Date | ... 1 more ... | undefined; }': userId, title, priority, isCompleted, reversePomodoroActive
components/forms/task-form.tsx(145,11): error TS2322: Type 'Control<{ userId: string; title: string; priority: number; isCompleted: boolean; reversePomodoroActive: boolean; _id?: string | undefined; projectId?: string | undefined; description?: string | undefined; ... 5 more ...; lastDelayedAt?: Date | ... 1 more ... | undefined; }, any, TFieldValues>' is not assignable to type 'Control<{ userId: string; title: string; priority: number; isCompleted: boolean; reversePomodoroActive: boolean; _id?: string | undefined; projectId?: string | undefined; description?: string | undefined; ... 5 more ...; lastDelayedAt?: Date | ... 1 more ... | undefined; }, any, { ...; }>'.
  The types of '_options.resolver' are incompatible between these types.
    Type 'Resolver<{ userId: string; title: string; priority: number; isCompleted: boolean; reversePomodoroActive: boolean; _id?: string | undefined; projectId?: string | undefined; description?: string | undefined; ... 5 more ...; lastDelayedAt?: Date | ... 1 more ... | undefined; }, any, TFieldValues> | undefined' is not assignable to type 'Resolver<{ userId: string; title: string; priority: number; isCompleted: boolean; reversePomodoroActive: boolean; _id?: string | undefined; projectId?: string | undefined; description?: string | undefined; ... 5 more ...; lastDelayedAt?: Date | ... 1 more ... | undefined; }, any, { ...; }> | undefined'.
      Type 'Resolver<{ userId: string; title: string; priority: number; isCompleted: boolean; reversePomodoroActive: boolean; _id?: string | undefined; projectId?: string | undefined; description?: string | undefined; ... 5 more ...; lastDelayedAt?: Date | ... 1 more ... | undefined; }, any, TFieldValues>' is not assignable to type 'Resolver<{ userId: string; title: string; priority: number; isCompleted: boolean; reversePomodoroActive: boolean; _id?: string | undefined; projectId?: string | undefined; description?: string | undefined; ... 5 more ...; lastDelayedAt?: Date | ... 1 more ... | undefined; }, any, { ...; }>'.
        Type 'ResolverResult<{ userId: string; title: string; priority: number; isCompleted: boolean; reversePomodoroActive: boolean; _id?: string | undefined; projectId?: string | undefined; description?: string | undefined; ... 5 more ...; lastDelayedAt?: Date | ... 1 more ... | undefined; }, TFieldValues> | Promise<...>' is not assignable to type 'ResolverResult<{ userId: string; title: string; priority: number; isCompleted: boolean; reversePomodoroActive: boolean; _id?: string | undefined; projectId?: string | undefined; description?: string | undefined; ... 5 more ...; lastDelayedAt?: Date | ... 1 more ... | undefined; }, { ...; }> | Promise<...>'.
          Type 'ResolverSuccess<TFieldValues>' is not assignable to type 'ResolverResult<{ userId: string; title: string; priority: number; isCompleted: boolean; reversePomodoroActive: boolean; _id?: string | undefined; projectId?: string | undefined; description?: string | undefined; ... 5 more ...; lastDelayedAt?: Date | ... 1 more ... | undefined; }, { ...; }> | Promise<...>'.
            Type 'ResolverSuccess<TFieldValues>' is not assignable to type 'ResolverSuccess<{ userId: string; title: string; priority: number; isCompleted: boolean; reversePomodoroActive: boolean; _id?: string | undefined; projectId?: string | undefined; description?: string | undefined; ... 5 more ...; lastDelayedAt?: Date | ... 1 more ... | undefined; }>'.
              Type 'TFieldValues' is not assignable to type '{ userId: string; title: string; priority: number; isCompleted: boolean; reversePomodoroActive: boolean; _id?: string | undefined; projectId?: string | undefined; description?: string | undefined; ... 5 more ...; lastDelayedAt?: Date | ... 1 more ... | undefined; }'.
                Type 'FieldValues' is missing the following properties from type '{ userId: string; title: string; priority: number; isCompleted: boolean; reversePomodoroActive: boolean; _id?: string | undefined; projectId?: string | undefined; description?: string | undefined; ... 5 more ...; lastDelayedAt?: Date | ... 1 more ... | undefined; }': userId, title, priority, isCompleted, reversePomodoroActive
components/forms/task-form.tsx(167,13): error TS2322: Type 'Control<{ userId: string; title: string; priority: number; isCompleted: boolean; reversePomodoroActive: boolean; _id?: string | undefined; projectId?: string | undefined; description?: string | undefined; ... 5 more ...; lastDelayedAt?: Date | ... 1 more ... | undefined; }, any, TFieldValues>' is not assignable to type 'Control<{ userId: string; title: string; priority: number; isCompleted: boolean; reversePomodoroActive: boolean; _id?: string | undefined; projectId?: string | undefined; description?: string | undefined; ... 5 more ...; lastDelayedAt?: Date | ... 1 more ... | undefined; }, any, { ...; }>'.
  The types of '_options.resolver' are incompatible between these types.
    Type 'Resolver<{ userId: string; title: string; priority: number; isCompleted: boolean; reversePomodoroActive: boolean; _id?: string | undefined; projectId?: string | undefined; description?: string | undefined; ... 5 more ...; lastDelayedAt?: Date | ... 1 more ... | undefined; }, any, TFieldValues> | undefined' is not assignable to type 'Resolver<{ userId: string; title: string; priority: number; isCompleted: boolean; reversePomodoroActive: boolean; _id?: string | undefined; projectId?: string | undefined; description?: string | undefined; ... 5 more ...; lastDelayedAt?: Date | ... 1 more ... | undefined; }, any, { ...; }> | undefined'.
      Type 'Resolver<{ userId: string; title: string; priority: number; isCompleted: boolean; reversePomodoroActive: boolean; _id?: string | undefined; projectId?: string | undefined; description?: string | undefined; ... 5 more ...; lastDelayedAt?: Date | ... 1 more ... | undefined; }, any, TFieldValues>' is not assignable to type 'Resolver<{ userId: string; title: string; priority: number; isCompleted: boolean; reversePomodoroActive: boolean; _id?: string | undefined; projectId?: string | undefined; description?: string | undefined; ... 5 more ...; lastDelayedAt?: Date | ... 1 more ... | undefined; }, any, { ...; }>'.
        Type 'ResolverResult<{ userId: string; title: string; priority: number; isCompleted: boolean; reversePomodoroActive: boolean; _id?: string | undefined; projectId?: string | undefined; description?: string | undefined; ... 5 more ...; lastDelayedAt?: Date | ... 1 more ... | undefined; }, TFieldValues> | Promise<...>' is not assignable to type 'ResolverResult<{ userId: string; title: string; priority: number; isCompleted: boolean; reversePomodoroActive: boolean; _id?: string | undefined; projectId?: string | undefined; description?: string | undefined; ... 5 more ...; lastDelayedAt?: Date | ... 1 more ... | undefined; }, { ...; }> | Promise<...>'.
          Type 'ResolverSuccess<TFieldValues>' is not assignable to type 'ResolverResult<{ userId: string; title: string; priority: number; isCompleted: boolean; reversePomodoroActive: boolean; _id?: string | undefined; projectId?: string | undefined; description?: string | undefined; ... 5 more ...; lastDelayedAt?: Date | ... 1 more ... | undefined; }, { ...; }> | Promise<...>'.
            Type 'ResolverSuccess<TFieldValues>' is not assignable to type 'ResolverSuccess<{ userId: string; title: string; priority: number; isCompleted: boolean; reversePomodoroActive: boolean; _id?: string | undefined; projectId?: string | undefined; description?: string | undefined; ... 5 more ...; lastDelayedAt?: Date | ... 1 more ... | undefined; }>'.
              Type 'TFieldValues' is not assignable to type '{ userId: string; title: string; priority: number; isCompleted: boolean; reversePomodoroActive: boolean; _id?: string | undefined; projectId?: string | undefined; description?: string | undefined; ... 5 more ...; lastDelayedAt?: Date | ... 1 more ... | undefined; }'.
                Type 'FieldValues' is missing the following properties from type '{ userId: string; title: string; priority: number; isCompleted: boolean; reversePomodoroActive: boolean; _id?: string | undefined; projectId?: string | undefined; description?: string | undefined; ... 5 more ...; lastDelayedAt?: Date | ... 1 more ... | undefined; }': userId, title, priority, isCompleted, reversePomodoroActive
components/forms/task-form.tsx(195,13): error TS2322: Type 'Control<{ userId: string; title: string; priority: number; isCompleted: boolean; reversePomodoroActive: boolean; _id?: string | undefined; projectId?: string | undefined; description?: string | undefined; ... 5 more ...; lastDelayedAt?: Date | ... 1 more ... | undefined; }, any, TFieldValues>' is not assignable to type 'Control<{ userId: string; title: string; priority: number; isCompleted: boolean; reversePomodoroActive: boolean; _id?: string | undefined; projectId?: string | undefined; description?: string | undefined; ... 5 more ...; lastDelayedAt?: Date | ... 1 more ... | undefined; }, any, { ...; }>'.
  The types of '_options.resolver' are incompatible between these types.
    Type 'Resolver<{ userId: string; title: string; priority: number; isCompleted: boolean; reversePomodoroActive: boolean; _id?: string | undefined; projectId?: string | undefined; description?: string | undefined; ... 5 more ...; lastDelayedAt?: Date | ... 1 more ... | undefined; }, any, TFieldValues> | undefined' is not assignable to type 'Resolver<{ userId: string; title: string; priority: number; isCompleted: boolean; reversePomodoroActive: boolean; _id?: string | undefined; projectId?: string | undefined; description?: string | undefined; ... 5 more ...; lastDelayedAt?: Date | ... 1 more ... | undefined; }, any, { ...; }> | undefined'.
      Type 'Resolver<{ userId: string; title: string; priority: number; isCompleted: boolean; reversePomodoroActive: boolean; _id?: string | undefined; projectId?: string | undefined; description?: string | undefined; ... 5 more ...; lastDelayedAt?: Date | ... 1 more ... | undefined; }, any, TFieldValues>' is not assignable to type 'Resolver<{ userId: string; title: string; priority: number; isCompleted: boolean; reversePomodoroActive: boolean; _id?: string | undefined; projectId?: string | undefined; description?: string | undefined; ... 5 more ...; lastDelayedAt?: Date | ... 1 more ... | undefined; }, any, { ...; }>'.
        Type 'ResolverResult<{ userId: string; title: string; priority: number; isCompleted: boolean; reversePomodoroActive: boolean; _id?: string | undefined; projectId?: string | undefined; description?: string | undefined; ... 5 more ...; lastDelayedAt?: Date | ... 1 more ... | undefined; }, TFieldValues> | Promise<...>' is not assignable to type 'ResolverResult<{ userId: string; title: string; priority: number; isCompleted: boolean; reversePomodoroActive: boolean; _id?: string | undefined; projectId?: string | undefined; description?: string | undefined; ... 5 more ...; lastDelayedAt?: Date | ... 1 more ... | undefined; }, { ...; }> | Promise<...>'.
          Type 'ResolverSuccess<TFieldValues>' is not assignable to type 'ResolverResult<{ userId: string; title: string; priority: number; isCompleted: boolean; reversePomodoroActive: boolean; _id?: string | undefined; projectId?: string | undefined; description?: string | undefined; ... 5 more ...; lastDelayedAt?: Date | ... 1 more ... | undefined; }, { ...; }> | Promise<...>'.
            Type 'ResolverSuccess<TFieldValues>' is not assignable to type 'ResolverSuccess<{ userId: string; title: string; priority: number; isCompleted: boolean; reversePomodoroActive: boolean; _id?: string | undefined; projectId?: string | undefined; description?: string | undefined; ... 5 more ...; lastDelayedAt?: Date | ... 1 more ... | undefined; }>'.
              Type 'TFieldValues' is not assignable to type '{ userId: string; title: string; priority: number; isCompleted: boolean; reversePomodoroActive: boolean; _id?: string | undefined; projectId?: string | undefined; description?: string | undefined; ... 5 more ...; lastDelayedAt?: Date | ... 1 more ... | undefined; }'.
                Type 'FieldValues' is missing the following properties from type '{ userId: string; title: string; priority: number; isCompleted: boolean; reversePomodoroActive: boolean; _id?: string | undefined; projectId?: string | undefined; description?: string | undefined; ... 5 more ...; lastDelayedAt?: Date | ... 1 more ... | undefined; }': userId, title, priority, isCompleted, reversePomodoroActive
components/forms/task-form.tsx(221,13): error TS2322: Type 'Control<{ userId: string; title: string; priority: number; isCompleted: boolean; reversePomodoroActive: boolean; _id?: string | undefined; projectId?: string | undefined; description?: string | undefined; ... 5 more ...; lastDelayedAt?: Date | ... 1 more ... | undefined; }, any, TFieldValues>' is not assignable to type 'Control<{ userId: string; title: string; priority: number; isCompleted: boolean; reversePomodoroActive: boolean; _id?: string | undefined; projectId?: string | undefined; description?: string | undefined; ... 5 more ...; lastDelayedAt?: Date | ... 1 more ... | undefined; }, any, { ...; }>'.
  The types of '_options.resolver' are incompatible between these types.
    Type 'Resolver<{ userId: string; title: string; priority: number; isCompleted: boolean; reversePomodoroActive: boolean; _id?: string | undefined; projectId?: string | undefined; description?: string | undefined; ... 5 more ...; lastDelayedAt?: Date | ... 1 more ... | undefined; }, any, TFieldValues> | undefined' is not assignable to type 'Resolver<{ userId: string; title: string; priority: number; isCompleted: boolean; reversePomodoroActive: boolean; _id?: string | undefined; projectId?: string | undefined; description?: string | undefined; ... 5 more ...; lastDelayedAt?: Date | ... 1 more ... | undefined; }, any, { ...; }> | undefined'.
      Type 'Resolver<{ userId: string; title: string; priority: number; isCompleted: boolean; reversePomodoroActive: boolean; _id?: string | undefined; projectId?: string | undefined; description?: string | undefined; ... 5 more ...; lastDelayedAt?: Date | ... 1 more ... | undefined; }, any, TFieldValues>' is not assignable to type 'Resolver<{ userId: string; title: string; priority: number; isCompleted: boolean; reversePomodoroActive: boolean; _id?: string | undefined; projectId?: string | undefined; description?: string | undefined; ... 5 more ...; lastDelayedAt?: Date | ... 1 more ... | undefined; }, any, { ...; }>'.
        Type 'ResolverResult<{ userId: string; title: string; priority: number; isCompleted: boolean; reversePomodoroActive: boolean; _id?: string | undefined; projectId?: string | undefined; description?: string | undefined; ... 5 more ...; lastDelayedAt?: Date | ... 1 more ... | undefined; }, TFieldValues> | Promise<...>' is not assignable to type 'ResolverResult<{ userId: string; title: string; priority: number; isCompleted: boolean; reversePomodoroActive: boolean; _id?: string | undefined; projectId?: string | undefined; description?: string | undefined; ... 5 more ...; lastDelayedAt?: Date | ... 1 more ... | undefined; }, { ...; }> | Promise<...>'.
          Type 'ResolverSuccess<TFieldValues>' is not assignable to type 'ResolverResult<{ userId: string; title: string; priority: number; isCompleted: boolean; reversePomodoroActive: boolean; _id?: string | undefined; projectId?: string | undefined; description?: string | undefined; ... 5 more ...; lastDelayedAt?: Date | ... 1 more ... | undefined; }, { ...; }> | Promise<...>'.
            Type 'ResolverSuccess<TFieldValues>' is not assignable to type 'ResolverSuccess<{ userId: string; title: string; priority: number; isCompleted: boolean; reversePomodoroActive: boolean; _id?: string | undefined; projectId?: string | undefined; description?: string | undefined; ... 5 more ...; lastDelayedAt?: Date | ... 1 more ... | undefined; }>'.
              Type 'TFieldValues' is not assignable to type '{ userId: string; title: string; priority: number; isCompleted: boolean; reversePomodoroActive: boolean; _id?: string | undefined; projectId?: string | undefined; description?: string | undefined; ... 5 more ...; lastDelayedAt?: Date | ... 1 more ... | undefined; }'.
                Type 'FieldValues' is missing the following properties from type '{ userId: string; title: string; priority: number; isCompleted: boolean; reversePomodoroActive: boolean; _id?: string | undefined; projectId?: string | undefined; description?: string | undefined; ... 5 more ...; lastDelayedAt?: Date | ... 1 more ... | undefined; }': userId, title, priority, isCompleted, reversePomodoroActive
components/forms/task-form.tsx(240,13): error TS2322: Type 'Control<{ userId: string; title: string; priority: number; isCompleted: boolean; reversePomodoroActive: boolean; _id?: string | undefined; projectId?: string | undefined; description?: string | undefined; ... 5 more ...; lastDelayedAt?: Date | ... 1 more ... | undefined; }, any, TFieldValues>' is not assignable to type 'Control<{ userId: string; title: string; priority: number; isCompleted: boolean; reversePomodoroActive: boolean; _id?: string | undefined; projectId?: string | undefined; description?: string | undefined; ... 5 more ...; lastDelayedAt?: Date | ... 1 more ... | undefined; }, any, { ...; }>'.
  The types of '_options.resolver' are incompatible between these types.
    Type 'Resolver<{ userId: string; title: string; priority: number; isCompleted: boolean; reversePomodoroActive: boolean; _id?: string | undefined; projectId?: string | undefined; description?: string | undefined; ... 5 more ...; lastDelayedAt?: Date | ... 1 more ... | undefined; }, any, TFieldValues> | undefined' is not assignable to type 'Resolver<{ userId: string; title: string; priority: number; isCompleted: boolean; reversePomodoroActive: boolean; _id?: string | undefined; projectId?: string | undefined; description?: string | undefined; ... 5 more ...; lastDelayedAt?: Date | ... 1 more ... | undefined; }, any, { ...; }> | undefined'.
      Type 'Resolver<{ userId: string; title: string; priority: number; isCompleted: boolean; reversePomodoroActive: boolean; _id?: string | undefined; projectId?: string | undefined; description?: string | undefined; ... 5 more ...; lastDelayedAt?: Date | ... 1 more ... | undefined; }, any, TFieldValues>' is not assignable to type 'Resolver<{ userId: string; title: string; priority: number; isCompleted: boolean; reversePomodoroActive: boolean; _id?: string | undefined; projectId?: string | undefined; description?: string | undefined; ... 5 more ...; lastDelayedAt?: Date | ... 1 more ... | undefined; }, any, { ...; }>'.
        Type 'ResolverResult<{ userId: string; title: string; priority: number; isCompleted: boolean; reversePomodoroActive: boolean; _id?: string | undefined; projectId?: string | undefined; description?: string | undefined; ... 5 more ...; lastDelayedAt?: Date | ... 1 more ... | undefined; }, TFieldValues> | Promise<...>' is not assignable to type 'ResolverResult<{ userId: string; title: string; priority: number; isCompleted: boolean; reversePomodoroActive: boolean; _id?: string | undefined; projectId?: string | undefined; description?: string | undefined; ... 5 more ...; lastDelayedAt?: Date | ... 1 more ... | undefined; }, { ...; }> | Promise<...>'.
          Type 'ResolverSuccess<TFieldValues>' is not assignable to type 'ResolverResult<{ userId: string; title: string; priority: number; isCompleted: boolean; reversePomodoroActive: boolean; _id?: string | undefined; projectId?: string | undefined; description?: string | undefined; ... 5 more ...; lastDelayedAt?: Date | ... 1 more ... | undefined; }, { ...; }> | Promise<...>'.
            Type 'ResolverSuccess<TFieldValues>' is not assignable to type 'ResolverSuccess<{ userId: string; title: string; priority: number; isCompleted: boolean; reversePomodoroActive: boolean; _id?: string | undefined; projectId?: string | undefined; description?: string | undefined; ... 5 more ...; lastDelayedAt?: Date | ... 1 more ... | undefined; }>'.
              Type 'TFieldValues' is not assignable to type '{ userId: string; title: string; priority: number; isCompleted: boolean; reversePomodoroActive: boolean; _id?: string | undefined; projectId?: string | undefined; description?: string | undefined; ... 5 more ...; lastDelayedAt?: Date | ... 1 more ... | undefined; }'.
                Type 'FieldValues' is missing the following properties from type '{ userId: string; title: string; priority: number; isCompleted: boolean; reversePomodoroActive: boolean; _id?: string | undefined; projectId?: string | undefined; description?: string | undefined; ... 5 more ...; lastDelayedAt?: Date | ... 1 more ... | undefined; }': userId, title, priority, isCompleted, reversePomodoroActive
components/forms/task-form.tsx(279,19): error TS2322: Type 'Control<{ userId: string; title: string; priority: number; isCompleted: boolean; reversePomodoroActive: boolean; _id?: string | undefined; projectId?: string | undefined; description?: string | undefined; ... 5 more ...; lastDelayedAt?: Date | ... 1 more ... | undefined; }, any, TFieldValues>' is not assignable to type 'Control<{ userId: string; title: string; priority: number; isCompleted: boolean; reversePomodoroActive: boolean; _id?: string | undefined; projectId?: string | undefined; description?: string | undefined; ... 5 more ...; lastDelayedAt?: Date | ... 1 more ... | undefined; }, any, { ...; }>'.
  The types of '_options.resolver' are incompatible between these types.
    Type 'Resolver<{ userId: string; title: string; priority: number; isCompleted: boolean; reversePomodoroActive: boolean; _id?: string | undefined; projectId?: string | undefined; description?: string | undefined; ... 5 more ...; lastDelayedAt?: Date | ... 1 more ... | undefined; }, any, TFieldValues> | undefined' is not assignable to type 'Resolver<{ userId: string; title: string; priority: number; isCompleted: boolean; reversePomodoroActive: boolean; _id?: string | undefined; projectId?: string | undefined; description?: string | undefined; ... 5 more ...; lastDelayedAt?: Date | ... 1 more ... | undefined; }, any, { ...; }> | undefined'.
      Type 'Resolver<{ userId: string; title: string; priority: number; isCompleted: boolean; reversePomodoroActive: boolean; _id?: string | undefined; projectId?: string | undefined; description?: string | undefined; ... 5 more ...; lastDelayedAt?: Date | ... 1 more ... | undefined; }, any, TFieldValues>' is not assignable to type 'Resolver<{ userId: string; title: string; priority: number; isCompleted: boolean; reversePomodoroActive: boolean; _id?: string | undefined; projectId?: string | undefined; description?: string | undefined; ... 5 more ...; lastDelayedAt?: Date | ... 1 more ... | undefined; }, any, { ...; }>'.
        Type 'ResolverResult<{ userId: string; title: string; priority: number; isCompleted: boolean; reversePomodoroActive: boolean; _id?: string | undefined; projectId?: string | undefined; description?: string | undefined; ... 5 more ...; lastDelayedAt?: Date | ... 1 more ... | undefined; }, TFieldValues> | Promise<...>' is not assignable to type 'ResolverResult<{ userId: string; title: string; priority: number; isCompleted: boolean; reversePomodoroActive: boolean; _id?: string | undefined; projectId?: string | undefined; description?: string | undefined; ... 5 more ...; lastDelayedAt?: Date | ... 1 more ... | undefined; }, { ...; }> | Promise<...>'.
          Type 'ResolverSuccess<TFieldValues>' is not assignable to type 'ResolverResult<{ userId: string; title: string; priority: number; isCompleted: boolean; reversePomodoroActive: boolean; _id?: string | undefined; projectId?: string | undefined; description?: string | undefined; ... 5 more ...; lastDelayedAt?: Date | ... 1 more ... | undefined; }, { ...; }> | Promise<...>'.
            Type 'ResolverSuccess<TFieldValues>' is not assignable to type 'ResolverSuccess<{ userId: string; title: string; priority: number; isCompleted: boolean; reversePomodoroActive: boolean; _id?: string | undefined; projectId?: string | undefined; description?: string | undefined; ... 5 more ...; lastDelayedAt?: Date | ... 1 more ... | undefined; }>'.
              Type 'TFieldValues' is not assignable to type '{ userId: string; title: string; priority: number; isCompleted: boolean; reversePomodoroActive: boolean; _id?: string | undefined; projectId?: string | undefined; description?: string | undefined; ... 5 more ...; lastDelayedAt?: Date | ... 1 more ... | undefined; }'.
                Type 'FieldValues' is missing the following properties from type '{ userId: string; title: string; priority: number; isCompleted: boolean; reversePomodoroActive: boolean; _id?: string | undefined; projectId?: string | undefined; description?: string | undefined; ... 5 more ...; lastDelayedAt?: Date | ... 1 more ... | undefined; }': userId, title, priority, isCompleted, reversePomodoroActive
components/forms/task-form.tsx(293,19): error TS2322: Type 'Control<{ userId: string; title: string; priority: number; isCompleted: boolean; reversePomodoroActive: boolean; _id?: string | undefined; projectId?: string | undefined; description?: string | undefined; ... 5 more ...; lastDelayedAt?: Date | ... 1 more ... | undefined; }, any, TFieldValues>' is not assignable to type 'Control<{ userId: string; title: string; priority: number; isCompleted: boolean; reversePomodoroActive: boolean; _id?: string | undefined; projectId?: string | undefined; description?: string | undefined; ... 5 more ...; lastDelayedAt?: Date | ... 1 more ... | undefined; }, any, { ...; }>'.
  The types of '_options.resolver' are incompatible between these types.
    Type 'Resolver<{ userId: string; title: string; priority: number; isCompleted: boolean; reversePomodoroActive: boolean; _id?: string | undefined; projectId?: string | undefined; description?: string | undefined; ... 5 more ...; lastDelayedAt?: Date | ... 1 more ... | undefined; }, any, TFieldValues> | undefined' is not assignable to type 'Resolver<{ userId: string; title: string; priority: number; isCompleted: boolean; reversePomodoroActive: boolean; _id?: string | undefined; projectId?: string | undefined; description?: string | undefined; ... 5 more ...; lastDelayedAt?: Date | ... 1 more ... | undefined; }, any, { ...; }> | undefined'.
      Type 'Resolver<{ userId: string; title: string; priority: number; isCompleted: boolean; reversePomodoroActive: boolean; _id?: string | undefined; projectId?: string | undefined; description?: string | undefined; ... 5 more ...; lastDelayedAt?: Date | ... 1 more ... | undefined; }, any, TFieldValues>' is not assignable to type 'Resolver<{ userId: string; title: string; priority: number; isCompleted: boolean; reversePomodoroActive: boolean; _id?: string | undefined; projectId?: string | undefined; description?: string | undefined; ... 5 more ...; lastDelayedAt?: Date | ... 1 more ... | undefined; }, any, { ...; }>'.
        Type 'ResolverResult<{ userId: string; title: string; priority: number; isCompleted: boolean; reversePomodoroActive: boolean; _id?: string | undefined; projectId?: string | undefined; description?: string | undefined; ... 5 more ...; lastDelayedAt?: Date | ... 1 more ... | undefined; }, TFieldValues> | Promise<...>' is not assignable to type 'ResolverResult<{ userId: string; title: string; priority: number; isCompleted: boolean; reversePomodoroActive: boolean; _id?: string | undefined; projectId?: string | undefined; description?: string | undefined; ... 5 more ...; lastDelayedAt?: Date | ... 1 more ... | undefined; }, { ...; }> | Promise<...>'.
          Type 'ResolverSuccess<TFieldValues>' is not assignable to type 'ResolverResult<{ userId: string; title: string; priority: number; isCompleted: boolean; reversePomodoroActive: boolean; _id?: string | undefined; projectId?: string | undefined; description?: string | undefined; ... 5 more ...; lastDelayedAt?: Date | ... 1 more ... | undefined; }, { ...; }> | Promise<...>'.
            Type 'ResolverSuccess<TFieldValues>' is not assignable to type 'ResolverSuccess<{ userId: string; title: string; priority: number; isCompleted: boolean; reversePomodoroActive: boolean; _id?: string | undefined; projectId?: string | undefined; description?: string | undefined; ... 5 more ...; lastDelayedAt?: Date | ... 1 more ... | undefined; }>'.
              Type 'TFieldValues' is not assignable to type '{ userId: string; title: string; priority: number; isCompleted: boolean; reversePomodoroActive: boolean; _id?: string | undefined; projectId?: string | undefined; description?: string | undefined; ... 5 more ...; lastDelayedAt?: Date | ... 1 more ... | undefined; }'.
                Type 'FieldValues' is missing the following properties from type '{ userId: string; title: string; priority: number; isCompleted: boolean; reversePomodoroActive: boolean; _id?: string | undefined; projectId?: string | undefined; description?: string | undefined; ... 5 more ...; lastDelayedAt?: Date | ... 1 more ... | undefined; }': userId, title, priority, isCompleted, reversePomodoroActive
components/forms/task-form.tsx(328,13): error TS2322: Type 'Control<{ userId: string; title: string; priority: number; isCompleted: boolean; reversePomodoroActive: boolean; _id?: string | undefined; projectId?: string | undefined; description?: string | undefined; ... 5 more ...; lastDelayedAt?: Date | ... 1 more ... | undefined; }, any, TFieldValues>' is not assignable to type 'Control<{ userId: string; title: string; priority: number; isCompleted: boolean; reversePomodoroActive: boolean; _id?: string | undefined; projectId?: string | undefined; description?: string | undefined; ... 5 more ...; lastDelayedAt?: Date | ... 1 more ... | undefined; }, any, { ...; }>'.
  The types of '_options.resolver' are incompatible between these types.
    Type 'Resolver<{ userId: string; title: string; priority: number; isCompleted: boolean; reversePomodoroActive: boolean; _id?: string | undefined; projectId?: string | undefined; description?: string | undefined; ... 5 more ...; lastDelayedAt?: Date | ... 1 more ... | undefined; }, any, TFieldValues> | undefined' is not assignable to type 'Resolver<{ userId: string; title: string; priority: number; isCompleted: boolean; reversePomodoroActive: boolean; _id?: string | undefined; projectId?: string | undefined; description?: string | undefined; ... 5 more ...; lastDelayedAt?: Date | ... 1 more ... | undefined; }, any, { ...; }> | undefined'.
      Type 'Resolver<{ userId: string; title: string; priority: number; isCompleted: boolean; reversePomodoroActive: boolean; _id?: string | undefined; projectId?: string | undefined; description?: string | undefined; ... 5 more ...; lastDelayedAt?: Date | ... 1 more ... | undefined; }, any, TFieldValues>' is not assignable to type 'Resolver<{ userId: string; title: string; priority: number; isCompleted: boolean; reversePomodoroActive: boolean; _id?: string | undefined; projectId?: string | undefined; description?: string | undefined; ... 5 more ...; lastDelayedAt?: Date | ... 1 more ... | undefined; }, any, { ...; }>'.
        Type 'ResolverResult<{ userId: string; title: string; priority: number; isCompleted: boolean; reversePomodoroActive: boolean; _id?: string | undefined; projectId?: string | undefined; description?: string | undefined; ... 5 more ...; lastDelayedAt?: Date | ... 1 more ... | undefined; }, TFieldValues> | Promise<...>' is not assignable to type 'ResolverResult<{ userId: string; title: string; priority: number; isCompleted: boolean; reversePomodoroActive: boolean; _id?: string | undefined; projectId?: string | undefined; description?: string | undefined; ... 5 more ...; lastDelayedAt?: Date | ... 1 more ... | undefined; }, { ...; }> | Promise<...>'.
          Type 'ResolverSuccess<TFieldValues>' is not assignable to type 'ResolverResult<{ userId: string; title: string; priority: number; isCompleted: boolean; reversePomodoroActive: boolean; _id?: string | undefined; projectId?: string | undefined; description?: string | undefined; ... 5 more ...; lastDelayedAt?: Date | ... 1 more ... | undefined; }, { ...; }> | Promise<...>'.
            Type 'ResolverSuccess<TFieldValues>' is not assignable to type 'ResolverSuccess<{ userId: string; title: string; priority: number; isCompleted: boolean; reversePomodoroActive: boolean; _id?: string | undefined; projectId?: string | undefined; description?: string | undefined; ... 5 more ...; lastDelayedAt?: Date | ... 1 more ... | undefined; }>'.
              Type 'TFieldValues' is not assignable to type '{ userId: string; title: string; priority: number; isCompleted: boolean; reversePomodoroActive: boolean; _id?: string | undefined; projectId?: string | undefined; description?: string | undefined; ... 5 more ...; lastDelayedAt?: Date | ... 1 more ... | undefined; }'.
                Type 'FieldValues' is missing the following properties from type '{ userId: string; title: string; priority: number; isCompleted: boolean; reversePomodoroActive: boolean; _id?: string | undefined; projectId?: string | undefined; description?: string | undefined; ... 5 more ...; lastDelayedAt?: Date | ... 1 more ... | undefined; }': userId, title, priority, isCompleted, reversePomodoroActive
components/forms/task-form.tsx(346,13): error TS2322: Type 'Control<{ userId: string; title: string; priority: number; isCompleted: boolean; reversePomodoroActive: boolean; _id?: string | undefined; projectId?: string | undefined; description?: string | undefined; ... 5 more ...; lastDelayedAt?: Date | ... 1 more ... | undefined; }, any, TFieldValues>' is not assignable to type 'Control<{ userId: string; title: string; priority: number; isCompleted: boolean; reversePomodoroActive: boolean; _id?: string | undefined; projectId?: string | undefined; description?: string | undefined; ... 5 more ...; lastDelayedAt?: Date | ... 1 more ... | undefined; }, any, { ...; }>'.
  The types of '_options.resolver' are incompatible between these types.
    Type 'Resolver<{ userId: string; title: string; priority: number; isCompleted: boolean; reversePomodoroActive: boolean; _id?: string | undefined; projectId?: string | undefined; description?: string | undefined; ... 5 more ...; lastDelayedAt?: Date | ... 1 more ... | undefined; }, any, TFieldValues> | undefined' is not assignable to type 'Resolver<{ userId: string; title: string; priority: number; isCompleted: boolean; reversePomodoroActive: boolean; _id?: string | undefined; projectId?: string | undefined; description?: string | undefined; ... 5 more ...; lastDelayedAt?: Date | ... 1 more ... | undefined; }, any, { ...; }> | undefined'.
      Type 'Resolver<{ userId: string; title: string; priority: number; isCompleted: boolean; reversePomodoroActive: boolean; _id?: string | undefined; projectId?: string | undefined; description?: string | undefined; ... 5 more ...; lastDelayedAt?: Date | ... 1 more ... | undefined; }, any, TFieldValues>' is not assignable to type 'Resolver<{ userId: string; title: string; priority: number; isCompleted: boolean; reversePomodoroActive: boolean; _id?: string | undefined; projectId?: string | undefined; description?: string | undefined; ... 5 more ...; lastDelayedAt?: Date | ... 1 more ... | undefined; }, any, { ...; }>'.
        Type 'ResolverResult<{ userId: string; title: string; priority: number; isCompleted: boolean; reversePomodoroActive: boolean; _id?: string | undefined; projectId?: string | undefined; description?: string | undefined; ... 5 more ...; lastDelayedAt?: Date | ... 1 more ... | undefined; }, TFieldValues> | Promise<...>' is not assignable to type 'ResolverResult<{ userId: string; title: string; priority: number; isCompleted: boolean; reversePomodoroActive: boolean; _id?: string | undefined; projectId?: string | undefined; description?: string | undefined; ... 5 more ...; lastDelayedAt?: Date | ... 1 more ... | undefined; }, { ...; }> | Promise<...>'.
          Type 'ResolverSuccess<TFieldValues>' is not assignable to type 'ResolverResult<{ userId: string; title: string; priority: number; isCompleted: boolean; reversePomodoroActive: boolean; _id?: string | undefined; projectId?: string | undefined; description?: string | undefined; ... 5 more ...; lastDelayedAt?: Date | ... 1 more ... | undefined; }, { ...; }> | Promise<...>'.
            Type 'ResolverSuccess<TFieldValues>' is not assignable to type 'ResolverSuccess<{ userId: string; title: string; priority: number; isCompleted: boolean; reversePomodoroActive: boolean; _id?: string | undefined; projectId?: string | undefined; description?: string | undefined; ... 5 more ...; lastDelayedAt?: Date | ... 1 more ... | undefined; }>'.
              Type 'TFieldValues' is not assignable to type '{ userId: string; title: string; priority: number; isCompleted: boolean; reversePomodoroActive: boolean; _id?: string | undefined; projectId?: string | undefined; description?: string | undefined; ... 5 more ...; lastDelayedAt?: Date | ... 1 more ... | undefined; }'.
                Type 'FieldValues' is missing the following properties from type '{ userId: string; title: string; priority: number; isCompleted: boolean; reversePomodoroActive: boolean; _id?: string | undefined; projectId?: string | undefined; description?: string | undefined; ... 5 more ...; lastDelayedAt?: Date | ... 1 more ... | undefined; }': userId, title, priority, isCompleted, reversePomodoroActive
components/forms/user-form.tsx(34,5): error TS2322: Type 'Resolver<{ email: string; _id?: string | undefined; persona?: "Software Developer" | "Product Manager" | "Team Leader" | "Other" | undefined; ikigai?: string | undefined; psychology?: { quizResults?: Record<...> | undefined; traits?: string[] | undefined; lastPsychUpdate?: Date | undefined; } | undefined; lifeGoals?...' is not assignable to type 'Resolver<{ email: string; persona: "Software Developer" | "Product Manager" | "Team Leader" | "Other"; _id?: string | undefined; ikigai?: string | undefined; psychology?: { quizResults?: Record<...> | undefined; traits?: string[] | undefined; lastPsychUpdate?: Date | undefined; } | undefined; lifeGoals?: string[] | ...'.
  Types of parameters 'options' and 'options' are incompatible.
    Type 'ResolverOptions<{ email: string; persona: "Software Developer" | "Product Manager" | "Team Leader" | "Other"; _id?: string | undefined; ikigai?: string | undefined; psychology?: { quizResults?: Record<...> | undefined; traits?: string[] | undefined; lastPsychUpdate?: Date | undefined; } | undefined; lifeGoals?: stri...' is not assignable to type 'ResolverOptions<{ email: string; _id?: string | undefined; persona?: "Software Developer" | "Product Manager" | "Team Leader" | "Other" | undefined; ikigai?: string | undefined; psychology?: { quizResults?: Record<...> | undefined; traits?: string[] | undefined; lastPsychUpdate?: Date | undefined; } | undefined; lif...'.
      Type '"Software Developer" | "Product Manager" | "Team Leader" | "Other" | undefined' is not assignable to type '"Software Developer" | "Product Manager" | "Team Leader" | "Other"'.
        Type 'undefined' is not assignable to type '"Software Developer" | "Product Manager" | "Team Leader" | "Other"'.
components/forms/user-form.tsx(52,41): error TS2345: Argument of type '(data: UserFormData) => Promise<void>' is not assignable to parameter of type 'SubmitHandler<TFieldValues>'.
  Types of parameters 'data' and 'data' are incompatible.
    Type 'TFieldValues' is not assignable to type '{ email: string; persona: "Software Developer" | "Product Manager" | "Team Leader" | "Other"; _id?: string | undefined; ikigai?: string | undefined; psychology?: { quizResults?: Record<...> | undefined; traits?: string[] | undefined; lastPsychUpdate?: Date | undefined; } | undefined; lifeGoals?: string[] | undefined...'.
      Type 'FieldValues' is missing the following properties from type '{ email: string; persona: "Software Developer" | "Product Manager" | "Team Leader" | "Other"; _id?: string | undefined; ikigai?: string | undefined; psychology?: { quizResults?: Record<...> | undefined; traits?: string[] | undefined; lastPsychUpdate?: Date | undefined; } | undefined; lifeGoals?: string[] | undefined...': email, persona
components/forms/user-form.tsx(54,11): error TS2719: Type 'import("D:/web/doable/node_modules/react-hook-form/dist/types/form").Control<{ email: string; persona: "Software Developer" | "Product Manager" | "Team Leader" | "Other"; _id?: string | undefined; ikigai?: string | undefined; psychology?: { quizResults?: Record<...> | undefined; traits?: string[] | undefined; lastPs...' is not assignable to type 'import("D:/web/doable/node_modules/react-hook-form/dist/types/form").Control<{ email: string; persona: "Software Developer" | "Product Manager" | "Team Leader" | "Other"; _id?: string | undefined; ikigai?: string | undefined; psychology?: { quizResults?: Record<...> | undefined; traits?: string[] | undefined; lastPs...'. Two different types with this name exist, but they are unrelated.
  The types of '_options.resolver' are incompatible between these types.
    Type 'import("D:/web/doable/node_modules/react-hook-form/dist/types/resolvers").Resolver<{ email: string; persona: "Software Developer" | "Product Manager" | "Team Leader" | "Other"; _id?: string | undefined; ikigai?: string | undefined; psychology?: { quizResults?: Record<...> | undefined; traits?: string[] | undefined; ...' is not assignable to type 'import("D:/web/doable/node_modules/react-hook-form/dist/types/resolvers").Resolver<{ email: string; persona: "Software Developer" | "Product Manager" | "Team Leader" | "Other"; _id?: string | undefined; ikigai?: string | undefined; psychology?: { quizResults?: Record<...> | undefined; traits?: string[] | undefined; ...'. Two different types with this name exist, but they are unrelated.
      Type 'import("D:/web/doable/node_modules/react-hook-form/dist/types/resolvers").Resolver<{ email: string; persona: "Software Developer" | "Product Manager" | "Team Leader" | "Other"; _id?: string | undefined; ikigai?: string | undefined; psychology?: { quizResults?: Record<...> | undefined; traits?: string[] | undefined; ...' is not assignable to type 'import("D:/web/doable/node_modules/react-hook-form/dist/types/resolvers").Resolver<{ email: string; persona: "Software Developer" | "Product Manager" | "Team Leader" | "Other"; _id?: string | undefined; ikigai?: string | undefined; psychology?: { quizResults?: Record<...> | undefined; traits?: string[] | undefined; ...'. Two different types with this name exist, but they are unrelated.
        Type 'import("D:/web/doable/node_modules/react-hook-form/dist/types/resolvers").ResolverResult<{ email: string; persona: "Software Developer" | "Product Manager" | "Team Leader" | "Other"; _id?: string | undefined; ikigai?: string | undefined; psychology?: { quizResults?: Record<...> | undefined; traits?: string[] | undef...' is not assignable to type 'import("D:/web/doable/node_modules/react-hook-form/dist/types/resolvers").ResolverResult<{ email: string; persona: "Software Developer" | "Product Manager" | "Team Leader" | "Other"; _id?: string | undefined; ikigai?: string | undefined; psychology?: { quizResults?: Record<...> | undefined; traits?: string[] | undef...'. Two different types with this name exist, but they are unrelated.
          Type 'ResolverSuccess<TFieldValues>' is not assignable to type 'ResolverResult<{ email: string; persona: "Software Developer" | "Product Manager" | "Team Leader" | "Other"; _id?: string | undefined; ikigai?: string | undefined; psychology?: { quizResults?: Record<...> | undefined; traits?: string[] | undefined; lastPsychUpdate?: Date | undefined; } | undefined; lifeGoals?: strin...'.
            Type 'ResolverSuccess<TFieldValues>' is not assignable to type 'ResolverSuccess<{ email: string; persona: "Software Developer" | "Product Manager" | "Team Leader" | "Other"; _id?: string | undefined; ikigai?: string | undefined; psychology?: { quizResults?: Record<...> | undefined; traits?: string[] | undefined; lastPsychUpdate?: Date | undefined; } | undefined; lifeGoals?: stri...'.
              Type 'TFieldValues' is not assignable to type '{ email: string; persona: "Software Developer" | "Product Manager" | "Team Leader" | "Other"; _id?: string | undefined; ikigai?: string | undefined; psychology?: { quizResults?: Record<...> | undefined; traits?: string[] | undefined; lastPsychUpdate?: Date | undefined; } | undefined; lifeGoals?: string[] | undefined...'.
                Type 'FieldValues' is missing the following properties from type '{ email: string; persona: "Software Developer" | "Product Manager" | "Team Leader" | "Other"; _id?: string | undefined; ikigai?: string | undefined; psychology?: { quizResults?: Record<...> | undefined; traits?: string[] | undefined; lastPsychUpdate?: Date | undefined; } | undefined; lifeGoals?: string[] | undefined...': email, persona
components/forms/user-form.tsx(71,11): error TS2719: Type 'import("D:/web/doable/node_modules/react-hook-form/dist/types/form").Control<{ email: string; persona: "Software Developer" | "Product Manager" | "Team Leader" | "Other"; _id?: string | undefined; ikigai?: string | undefined; psychology?: { quizResults?: Record<...> | undefined; traits?: string[] | undefined; lastPs...' is not assignable to type 'import("D:/web/doable/node_modules/react-hook-form/dist/types/form").Control<{ email: string; persona: "Software Developer" | "Product Manager" | "Team Leader" | "Other"; _id?: string | undefined; ikigai?: string | undefined; psychology?: { quizResults?: Record<...> | undefined; traits?: string[] | undefined; lastPs...'. Two different types with this name exist, but they are unrelated.
  The types of '_options.resolver' are incompatible between these types.
    Type 'import("D:/web/doable/node_modules/react-hook-form/dist/types/resolvers").Resolver<{ email: string; persona: "Software Developer" | "Product Manager" | "Team Leader" | "Other"; _id?: string | undefined; ikigai?: string | undefined; psychology?: { quizResults?: Record<...> | undefined; traits?: string[] | undefined; ...' is not assignable to type 'import("D:/web/doable/node_modules/react-hook-form/dist/types/resolvers").Resolver<{ email: string; persona: "Software Developer" | "Product Manager" | "Team Leader" | "Other"; _id?: string | undefined; ikigai?: string | undefined; psychology?: { quizResults?: Record<...> | undefined; traits?: string[] | undefined; ...'. Two different types with this name exist, but they are unrelated.
      Type 'import("D:/web/doable/node_modules/react-hook-form/dist/types/resolvers").Resolver<{ email: string; persona: "Software Developer" | "Product Manager" | "Team Leader" | "Other"; _id?: string | undefined; ikigai?: string | undefined; psychology?: { quizResults?: Record<...> | undefined; traits?: string[] | undefined; ...' is not assignable to type 'import("D:/web/doable/node_modules/react-hook-form/dist/types/resolvers").Resolver<{ email: string; persona: "Software Developer" | "Product Manager" | "Team Leader" | "Other"; _id?: string | undefined; ikigai?: string | undefined; psychology?: { quizResults?: Record<...> | undefined; traits?: string[] | undefined; ...'. Two different types with this name exist, but they are unrelated.
        Type 'import("D:/web/doable/node_modules/react-hook-form/dist/types/resolvers").ResolverResult<{ email: string; persona: "Software Developer" | "Product Manager" | "Team Leader" | "Other"; _id?: string | undefined; ikigai?: string | undefined; psychology?: { quizResults?: Record<...> | undefined; traits?: string[] | undef...' is not assignable to type 'import("D:/web/doable/node_modules/react-hook-form/dist/types/resolvers").ResolverResult<{ email: string; persona: "Software Developer" | "Product Manager" | "Team Leader" | "Other"; _id?: string | undefined; ikigai?: string | undefined; psychology?: { quizResults?: Record<...> | undefined; traits?: string[] | undef...'. Two different types with this name exist, but they are unrelated.
          Type 'ResolverSuccess<TFieldValues>' is not assignable to type 'ResolverResult<{ email: string; persona: "Software Developer" | "Product Manager" | "Team Leader" | "Other"; _id?: string | undefined; ikigai?: string | undefined; psychology?: { quizResults?: Record<...> | undefined; traits?: string[] | undefined; lastPsychUpdate?: Date | undefined; } | undefined; lifeGoals?: strin...'.
            Type 'ResolverSuccess<TFieldValues>' is not assignable to type 'ResolverSuccess<{ email: string; persona: "Software Developer" | "Product Manager" | "Team Leader" | "Other"; _id?: string | undefined; ikigai?: string | undefined; psychology?: { quizResults?: Record<...> | undefined; traits?: string[] | undefined; lastPsychUpdate?: Date | undefined; } | undefined; lifeGoals?: stri...'.
              Type 'TFieldValues' is not assignable to type '{ email: string; persona: "Software Developer" | "Product Manager" | "Team Leader" | "Other"; _id?: string | undefined; ikigai?: string | undefined; psychology?: { quizResults?: Record<...> | undefined; traits?: string[] | undefined; lastPsychUpdate?: Date | undefined; } | undefined; lifeGoals?: string[] | undefined...'.
                Type 'FieldValues' is missing the following properties from type '{ email: string; persona: "Software Developer" | "Product Manager" | "Team Leader" | "Other"; _id?: string | undefined; ikigai?: string | undefined; psychology?: { quizResults?: Record<...> | undefined; traits?: string[] | undefined; lastPsychUpdate?: Date | undefined; } | undefined; lifeGoals?: string[] | undefined...': email, persona
components/forms/user-form.tsx(98,11): error TS2719: Type 'import("D:/web/doable/node_modules/react-hook-form/dist/types/form").Control<{ email: string; persona: "Software Developer" | "Product Manager" | "Team Leader" | "Other"; _id?: string | undefined; ikigai?: string | undefined; psychology?: { quizResults?: Record<...> | undefined; traits?: string[] | undefined; lastPs...' is not assignable to type 'import("D:/web/doable/node_modules/react-hook-form/dist/types/form").Control<{ email: string; persona: "Software Developer" | "Product Manager" | "Team Leader" | "Other"; _id?: string | undefined; ikigai?: string | undefined; psychology?: { quizResults?: Record<...> | undefined; traits?: string[] | undefined; lastPs...'. Two different types with this name exist, but they are unrelated.
  The types of '_options.resolver' are incompatible between these types.
    Type 'import("D:/web/doable/node_modules/react-hook-form/dist/types/resolvers").Resolver<{ email: string; persona: "Software Developer" | "Product Manager" | "Team Leader" | "Other"; _id?: string | undefined; ikigai?: string | undefined; psychology?: { quizResults?: Record<...> | undefined; traits?: string[] | undefined; ...' is not assignable to type 'import("D:/web/doable/node_modules/react-hook-form/dist/types/resolvers").Resolver<{ email: string; persona: "Software Developer" | "Product Manager" | "Team Leader" | "Other"; _id?: string | undefined; ikigai?: string | undefined; psychology?: { quizResults?: Record<...> | undefined; traits?: string[] | undefined; ...'. Two different types with this name exist, but they are unrelated.
      Type 'import("D:/web/doable/node_modules/react-hook-form/dist/types/resolvers").Resolver<{ email: string; persona: "Software Developer" | "Product Manager" | "Team Leader" | "Other"; _id?: string | undefined; ikigai?: string | undefined; psychology?: { quizResults?: Record<...> | undefined; traits?: string[] | undefined; ...' is not assignable to type 'import("D:/web/doable/node_modules/react-hook-form/dist/types/resolvers").Resolver<{ email: string; persona: "Software Developer" | "Product Manager" | "Team Leader" | "Other"; _id?: string | undefined; ikigai?: string | undefined; psychology?: { quizResults?: Record<...> | undefined; traits?: string[] | undefined; ...'. Two different types with this name exist, but they are unrelated.
        Type 'import("D:/web/doable/node_modules/react-hook-form/dist/types/resolvers").ResolverResult<{ email: string; persona: "Software Developer" | "Product Manager" | "Team Leader" | "Other"; _id?: string | undefined; ikigai?: string | undefined; psychology?: { quizResults?: Record<...> | undefined; traits?: string[] | undef...' is not assignable to type 'import("D:/web/doable/node_modules/react-hook-form/dist/types/resolvers").ResolverResult<{ email: string; persona: "Software Developer" | "Product Manager" | "Team Leader" | "Other"; _id?: string | undefined; ikigai?: string | undefined; psychology?: { quizResults?: Record<...> | undefined; traits?: string[] | undef...'. Two different types with this name exist, but they are unrelated.
          Type 'ResolverSuccess<TFieldValues>' is not assignable to type 'ResolverResult<{ email: string; persona: "Software Developer" | "Product Manager" | "Team Leader" | "Other"; _id?: string | undefined; ikigai?: string | undefined; psychology?: { quizResults?: Record<...> | undefined; traits?: string[] | undefined; lastPsychUpdate?: Date | undefined; } | undefined; lifeGoals?: strin...'.
            Type 'ResolverSuccess<TFieldValues>' is not assignable to type 'ResolverSuccess<{ email: string; persona: "Software Developer" | "Product Manager" | "Team Leader" | "Other"; _id?: string | undefined; ikigai?: string | undefined; psychology?: { quizResults?: Record<...> | undefined; traits?: string[] | undefined; lastPsychUpdate?: Date | undefined; } | undefined; lifeGoals?: stri...'.
              Type 'TFieldValues' is not assignable to type '{ email: string; persona: "Software Developer" | "Product Manager" | "Team Leader" | "Other"; _id?: string | undefined; ikigai?: string | undefined; psychology?: { quizResults?: Record<...> | undefined; traits?: string[] | undefined; lastPsychUpdate?: Date | undefined; } | undefined; lifeGoals?: string[] | undefined...'.
                Type 'FieldValues' is missing the following properties from type '{ email: string; persona: "Software Developer" | "Product Manager" | "Team Leader" | "Other"; _id?: string | undefined; ikigai?: string | undefined; psychology?: { quizResults?: Record<...> | undefined; traits?: string[] | undefined; lastPsychUpdate?: Date | undefined; } | undefined; lifeGoals?: string[] | undefined...': email, persona
components/tasks/reverse-pomodoro-timer.tsx(6,26): error TS2307: Cannot find module '@/components/ui/progress' or its corresponding type declarations.
lib/schemas/integration.ts(7,18): error TS2554: Expected 2-3 arguments, but got 1.
lib/schemas/user.ts(9,20): error TS2554: Expected 2-3 arguments, but got 1.
packages/zenith/App.tsx(115,11): error TS2322: Type 'false' is not assignable to type 'true'.
packages/zenith/components/AgentChat.tsx(3,27): error TS2307: Cannot find module 'react-markdown' or its corresponding type declarations.
packages/zenith/components/AgentChat.tsx(4,23): error TS2307: Cannot find module 'remark-gfm' or its corresponding type declarations.
packages/zenith/components/Sidebar.tsx(41,39): error TS2345: Argument of type 'string' is not assignable to parameter of type '"priority" | "ikigai" | "inbox" | "today" | "upcoming" | "project" | "kanban" | "karma" | "boms" | "chat" | "pomodoro" | "forge" | "matching" | "flow_history"'.
packages/zenith/geminiService.ts(208,76): error TS2304: Cannot find name 'Project'.
packages/zenith/vite.config.ts(2,39): error TS2307: Cannot find module 'vite' or its corresponding type declarations.
packages/zenith/vite.config.ts(3,19): error TS2307: Cannot find module '@vitejs/plugin-react' or its corresponding type declarations.
packages/zenith/vite.config.ts(5,32): error TS7031: Binding element 'mode' implicitly has an 'any' type.
